
> hockey-coach-web-app@0.1.0 dev
> next dev

  ▲ Next.js 14.2.30
  - Local:        http://localhost:3000

 ✓ Starting...
 ✓ Ready in 1045ms
 ○ Compiling / ...
 ✓ Compiled / in 841ms (509 modules)
 GET / 200 in 929ms
 ✓ Compiled in 100ms (262 modules)
 ✓ Compiled in 144ms (262 modules)
 ✓ Compiled in 74ms (262 modules)
 ✓ Compiled /api/hockey-diagram/cache in 106ms (56 modules)
 GET /api/hockey-diagram/cache?action=search&query=&limit=20 200 in 375ms
 GET /api/hockey-diagram/cache?action=search&query=&limit=20 200 in 579ms
 GET /api/hockey-diagram/cache?action=search&query=game&limit=20 200 in 710ms
 ✓ Compiled in 109ms (262 modules)
 ✓ Compiled in 80ms (262 modules)
 ✓ Compiled in 83ms (262 modules)
 ✓ Compiled in 70ms (262 modules)
 ✓ Compiled in 74ms (262 modules)
 ✓ Compiled in 80ms (262 modules)
 ✓ Compiled in 97ms (262 modules)
 ✓ Compiled in 78ms (262 modules)
 ✓ Compiled in 82ms (262 modules)
 ✓ Compiled in 79ms (262 modules)
 ✓ Compiled in 66ms (262 modules)
 ✓ Compiled in 72ms (262 modules)
 ✓ Compiled /api/hockey-diagram/cache in 151ms (56 modules)
 ✓ Compiled /_not-found in 163ms (510 modules)
 GET /api/hockey-diagram/cache?action=list&limit=10 404 in 380ms
 ✓ Compiled / in 104ms (278 modules)
 GET / 200 in 149ms
 GET /api/hockey-diagram/cache?action=list&limit=10 200 in 48ms
 ✓ Compiled /hockey-diagram-test in 209ms (539 modules)
 GET /hockey-diagram-test 200 in 284ms
 GET /_next/static/chunks/app-pages-internals.js 404 in 22ms
 GET /_next/static/chunks/app/layout.js 404 in 22ms
 GET /_next/static/css/app/layout.css?v=1754670351509 404 in 11ms
 GET /_next/static/chunks/main-app.js?v=1754670351509 404 in 13ms
 GET /hockey-diagram-test 200 in 34ms
 GET /_next/static/css/app/layout.css?v=1754670353995 404 in 26ms
 GET /_next/static/chunks/app/layout.js 404 in 32ms
 GET /_next/static/chunks/app-pages-internals.js 404 in 35ms
 GET /_next/static/chunks/main-app.js?v=1754670353995 404 in 29ms
 GET /hockey-diagram-test 200 in 32ms
 GET /_next/static/css/app/layout.css?v=1754670359894 404 in 16ms
 GET /_next/static/chunks/app-pages-internals.js 404 in 30ms
 GET /_next/static/chunks/app/layout.js 404 in 30ms
 GET /_next/static/chunks/main-app.js?v=1754670359894 404 in 13ms
 GET /hockey-diagram-test 200 in 15ms
[?25h
